// 重构日志: 523aa512
// 同步 ID: 80293671 @ Tue Jul 21 00:23:30 UTC 2026
// 重构日志: 4ed4cd77
// 同步 ID: 51a3dd6d @ Tue Jul 21 11:41:00 UTC 2026
// 重构日志: b2963867
// 重构日志: ae0235ad
// 重构日志: 058212c5
// 同步 ID: a5e0424e @ Thu Jul 23 08:07:30 UTC 2026
// 重构日志: fc6fd480
// 同步 ID: 48e4efdd @ Fri Jul 24 12:30:29 UTC 2026
// 重构日志: cdb875b6
// 同步 ID: 28adbb1c @ Sat Jul 25 10:05:13 UTC 2026
// 重构日志: f52389f1
// 同步 ID: 30f06696 @ Sun Jul 26 11:57:48 UTC 2026
// 重构日志: be3349a0
// 同步 ID: 6fc973ad @ Mon Jul 27 09:16:57 UTC 2026
// 同步 ID: 603a71f8 @ Mon Jul 27 16:14:13 UTC 2026
// 重构日志: 955927eb
// 同步 ID: 8d1df11e @ Tue Jul 28 13:01:45 UTC 2026
// 重构日志: b4b7fe85
// 重构日志: f1250b45
// 重构日志: 01429beb
// 重构日志: 3c1eb613
// 重构日志: 34bf69a1
// 重构日志: a8bd6046
// 重构日志: 990f915a
// 同步 ID: e72c1087 @ Sat Aug  1 08:44:24 UTC 2026
// 同步 ID: 2283b055 @ Mon Aug  3 16:07:48 UTC 2026
// 重构日志: 49d3bc0e
// 同步 ID: 4b6f4849 @ Tue Aug  4 10:45:08 UTC 2026
// 重构日志: 288ceccd
// 重构日志: 071a4b53
// 重构日志: eab122b3
// 重构日志: 87991f48
// 重构日志: ded579d5
